append_cflags: checking for whether -std=c99 is accepted as CFLAGS... -------------------- yes

DYLD_LIBRARY_PATH=.:/opt/homebrew/Cellar/ruby@3.3/3.3.11/lib "clang -o conftest -I/opt/homebrew/Cellar/ruby@3.3/3.3.11/include/ruby-3.3.0/arm64-darwin25 -I/opt/homebrew/Cellar/ruby@3.3/3.3.11/include/ruby-3.3.0/ruby/backward -I/opt/homebrew/Cellar/ruby@3.3/3.3.11/include/ruby-3.3.0 -I. -I/opt/homebrew/opt/libyaml/include -I/opt/homebrew/opt/openssl@3/include -D_XOPEN_SOURCE -D_DARWIN_C_SOURCE -D_DARWIN_UNLIMITED_SELECT -D_REENTRANT   -fdeclspec -O3 -fno-fast-math -ggdb3 -Wall -Wextra -Wextra-tokens -Wdeprecated-declarations -Wdivision-by-zero -Wdiv-by-zero -Wimplicit-function-declaration -Wimplicit-int -Wpointer-arith -Wshorten-64-to-32 -Wwrite-strings -Wold-style-definition -Wmissing-noreturn -Wno-cast-function-type -Wno-constant-logical-operand -Wno-long-long -Wno-missing-field-initializers -Wno-overlength-strings -Wno-parentheses-equality -Wno-self-assign -Wno-tautological-compare -Wno-unused-parameter -Wno-unused-value -Wunused-variable -Wmisleading-indentation -Wundef -fno-common -pipe conftest.c  -L. -L/opt/homebrew/Cellar/ruby@3.3/3.3.11/lib -L/opt/homebrew/opt/libyaml/lib -L/opt/homebrew/opt/openssl@3/lib -L. -fstack-protector-strong -L/opt/homebrew/opt/libyaml/lib -L/opt/homebrew/opt/openssl@3/lib  -arch arm64   -lruby.3.3  -lpthread  "
checked program was:
/* begin */
1: #include "ruby.h"
2: 
3: int main(int argc, char **argv)
4: {
5:   return !!argv[argc];
6: }
/* end */

DYLD_LIBRARY_PATH=.:/opt/homebrew/Cellar/ruby@3.3/3.3.11/lib "clang -I/opt/homebrew/Cellar/ruby@3.3/3.3.11/include/ruby-3.3.0/arm64-darwin25 -I/opt/homebrew/Cellar/ruby@3.3/3.3.11/include/ruby-3.3.0/ruby/backward -I/opt/homebrew/Cellar/ruby@3.3/3.3.11/include/ruby-3.3.0 -I. -I/opt/homebrew/opt/libyaml/include -I/opt/homebrew/opt/openssl@3/include -D_XOPEN_SOURCE -D_DARWIN_C_SOURCE -D_DARWIN_UNLIMITED_SELECT -D_REENTRANT   -fdeclspec -O3 -fno-fast-math -ggdb3 -Wall -Wextra -Wextra-tokens -Wdeprecated-declarations -Wdivision-by-zero -Wdiv-by-zero -Wimplicit-function-declaration -Wimplicit-int -Wpointer-arith -Wshorten-64-to-32 -Wwrite-strings -Wold-style-definition -Wmissing-noreturn -Wno-cast-function-type -Wno-constant-logical-operand -Wno-long-long -Wno-missing-field-initializers -Wno-overlength-strings -Wno-parentheses-equality -Wno-self-assign -Wno-tautological-compare -Wno-unused-parameter -Wno-unused-value -Wunused-variable -Wmisleading-indentation -Wundef -fno-common -pipe -arch arm64 -std=c99 -Werror -c conftest.c"
checked program was:
/* begin */
1: #include "ruby.h"
2: 
3: int main(int argc, char **argv)
4: {
5:   return !!argv[argc];
6: }
/* end */

--------------------

